this is test
mndbchdsabakbcdabhdbakhj
